[www.kiloo.com/subway-surfers/index.html]
[www.google-analytics.com/analytics.js]
[backblue.gif]
[fade.gif]
[index.html]
[www.kiloo.com/bg_bright2.f6a095abb680f9ba.png]
[www.kiloo.com/styles.ecf54e78667cd6b7.css]
[www.kiloo.com/ad.8bb5c5df65f73e9c.png]
[www.kiloo.com/assets/img/logo_header.png]
[www.kiloo.com/assets/img/mobile_assets/burger-menu.png]
[www.kiloo.com/assets/img/a_games.png]
[www.kiloo.com/assets/img/a_categories.png]
[www.kiloo.com/assets/img/warbands_header_icon.png]
[www.kiloo.com/assets/img/sub.png]
[www.kiloo.com/assets/img/bb-header-icon.png]
[www.kiloo.com/assets/img/fof-header-icon-2.png]
[www.kiloo.com/assets/img/icons_special/subway-surfers-berlin.jpg]
[img.poki.com/cdn-cgi/image/quality=78,f=auto/logo-block.png]
[www.kiloo.com/assets/img/thumb_up.png]
[www.kiloo.com/assets/img/thumb_down.png]
[www.kiloo.com/assets/img/frisbee/full_screen_grey_btn.png]
[www.kiloo.com/assets/img/subway_media/subway_badges/apple-badge.png]
[www.kiloo.com/assets/img/subway_media/subway_badges/amazon-badge.png]
[www.kiloo.com/assets/img/subway_media/subway_badges/googleplay-badge.png]
[www.kiloo.com/assets/img/subway_media/subway_badges/poki-badge.png]
[www.kiloo.com/assets/img/subway_media/jake.png]
[www.kiloo.com/assets/img/subway_media/award.png]
[www.kiloo.com/assets/img/subway_media/abc.png]
[www.kiloo.com/assets/img/subway_media/board.png]
[www.kiloo.com/assets/img/subway_media/sneaker.png]
[www.kiloo.com/assets/img/subway_media/multiplier.png]
[www.kiloo.com/assets/img/subway_media/coins.png]
[www.kiloo.com/assets/img/subway_media/character.png]
[www.kiloo.com/assets/img/subway_media/bag.png]
[www.kiloo.com/assets/img/icon_facebook.png]
[www.kiloo.com/assets/img/icon_twitter.png]
[www.kiloo.com/assets/img/icon_youtube.png]
[www.kiloo.com/assets/img/mascot_footer.png]
[www.kiloo.com/cdn-cgi/scripts/5c5dd728/cloudflare-static/email-decode.min.js]
[www.kiloo.com/runtime.63a8c7d288802673.js]
[www.kiloo.com/polyfills.478990686b22a061.js]
[www.kiloo.com/main.040aae33f799aadd.js]
[www.kiloo.com/subway-surfers/index.html]
[www.googletagmanager.com/gtm5445.html]
[www.kiloo.com/styles.ecf54e78667cd6b7.css]
[www.kiloo.com/choice.html]
